// Jest Snapshot v1, https://goo.gl/fbAQLP

exports[`should render expense item with expense 1`] = `
<div>
  <Link
    replace={false}
    to="/edit/2"
  >
    <h2>
      Rent
    </h2>
  </Link>
  <p>
    $1,950.00
    -
    28th Dec, 1969
  </p>
</div>
`;
