// Jest Snapshot v1, https://goo.gl/fbAQLP

exports[`expect loading page to render correctly 1`] = `[Function]`;
